[33mΓ¥»[39m Building...
[32mΓ£ö[39m Building...
[1mInitial chunk files[22m[2m | [22m[1mNames[22m        [2m | [22m [1mRaw size[22m[2m | [22m[1mEstimated transfer size[22m
[32mchunk-QGCCGZ5F.js[39m  [2m | [22m[2m-[22m            [2m | [22m[36m253.68 kB[39m[2m | [22m               [36m68.53 kB[39m
[32mstyles-LRXS2F5X.css[39m[2m | [22m[2mstyles[22m       [2m | [22m [36m27.75 kB[39m[2m | [22m                [36m3.75 kB[39m
[32mmain-BV2LIBZS.js[39m   [2m | [22m[2mmain[22m         [2m | [22m  [36m1.56 kB[39m[2m | [22m              [36m738 bytes[39m

[1m [22m                  [2m | [22m[1mInitial total[22m[2m | [22m[1m283.00 kB[22m[2m | [22m               [1m73.02 kB[22m

[1mLazy chunk files[22m   [2m | [22m[1mNames[22m        [2m | [22m [1mRaw size[22m[2m | [22m[1mEstimated transfer size[22m
[32mchunk-M3GZMEIR.js[39m  [2m | [22m[2m-[22m            [2m | [22m [36m37.34 kB[39m[2m | [22m                [36m7.80 kB[39m
[32mchunk-XDE4YZPF.js[39m  [2m | [22m[2mmain-layout[22m  [2m | [22m [36m11.31 kB[39m[2m | [22m                [36m2.68 kB[39m
[32mchunk-MWSGICV2.js[39m  [2m | [22m[2m-[22m            [2m | [22m  [36m9.60 kB[39m[2m | [22m                [36m2.91 kB[39m
[32mchunk-QMTCVDYC.js[39m  [2m | [22m[2mtask-board[22m   [2m | [22m  [36m8.54 kB[39m[2m | [22m                [36m1.98 kB[39m
[32mchunk-IXBHXGI2.js[39m  [2m | [22m[2mlogin[22m        [2m | [22m  [36m5.25 kB[39m[2m | [22m                [36m1.70 kB[39m
[32mchunk-XASLFXLI.js[39m  [2m | [22m[2mtask-list[22m    [2m | [22m  [36m4.57 kB[39m[2m | [22m                [36m1.76 kB[39m
[32mchunk-HRNSU2EB.js[39m  [2m | [22m[2m-[22m            [2m | [22m[36m684 bytes[39m[2m | [22m              [36m684 bytes[39m

Application bundle generation complete. [2.865 seconds] - 2026-03-24T08:24:52.745Z

npx : [1m[33m[33mΓû▓ [43;
33m[[43;30mWARNING[43;33m]
[0m [1mDeprecation[0m 
[1m[35m[plugin 
angular-sass][0m
At line:1 char:1
+ npx ng build > 
build_output.txt 2>&1 ; cat 
build_output.txt
+ ~~~~~~~~~~~~~~~~~~~~~~~~~~~
~~~~~~~~~
    + CategoryInfo           
   : NotSpecified: ([1m[3  
  3m[33mΓ...gular-sass][   
 0m:String) [], RemoteExc    
eption
    + FullyQualifiedErrorId  
   : NativeCommandError
 

    src/assets/scss/helpers/_
mixins.scss:18:10:
[37m      18 Γöé   $value: 
[32m[37mmap-get(v.$breakpoin
ts, $bp);
         Γò╡           
[32m^[0m


  Global built-in functions 
are deprecated and will be 
removed in Dart Sass 3.0.0.
  Use map.get instead.
  
  More info and automated 
migrator: [4mhttps://sass-la
ng.com/d/import[0m


[33mΓû▓ [43;33m[[43;30mWAR
NING[43;33m][0m [1msrc/app
/layout/main-layout/main-layo
ut.scss exceeded maximum 
budget. Budget 4.00 kB was 
not met by 1.07 kB with a 
total of 5.07 kB.[0m

[39m[22m
Output location: C:\BEINEX\Training\Practice\Task Management\frontend\dist\frontend

